time="2021-06-29T17:53:09+08:00" level=error msg="order is already, ID=3044cc1ef1514c7688ec93d70d692785" func=github.com/hzlpypy/waybill_center/internal/receive.Receive file="/home/huangzhilin/go/src/waybill_center/internal/receive/index.go:61"
time="2021-06-29T18:14:48+08:00" level=error msg="order is already, ID=3044cc1ef1514c7688ec93d70d692785" func=github.com/hzlpypy/waybill_center/internal/receive.Receive file="/home/huangzhilin/go/src/waybill_center/internal/receive/index.go:80"
time="2021-06-30T10:36:45+08:00" level=error msg="msg reject error, more than 5 count, ID=a7dfae719d2141538e25bab838f26306" func=github.com/hzlpypy/waybill_center/internal/receive.Receive file="/home/huangzhilin/go/src/waybill_center/internal/receive/index.go:48"
time="2021-06-30T15:19:00+08:00" level=error msg="Create Waybill error,err=Error 123: " func=github.com/hzlpypy/waybill_center/internal/receive.Receive file="/home/huangzhilin/go/src/waybill_center/internal/receive/index.go:72"
time="2021-06-30T15:19:37+08:00" level=error msg="Create Waybill error,err=Error 123: " func=github.com/hzlpypy/waybill_center/internal/receive.Receive file="/home/huangzhilin/go/src/waybill_center/internal/receive/index.go:72"
time="2021-06-30T15:20:14+08:00" level=error msg="Create Waybill error,err=Error 123: " func=github.com/hzlpypy/waybill_center/internal/receive.Receive file="/home/huangzhilin/go/src/waybill_center/internal/receive/index.go:72"
time="2021-06-30T15:20:21+08:00" level=error msg="Create Waybill error,err=Error 123: " func=github.com/hzlpypy/waybill_center/internal/receive.Receive file="/home/huangzhilin/go/src/waybill_center/internal/receive/index.go:72"
time="2021-06-30T15:20:23+08:00" level=error msg="Create Waybill error,err=Error 123: " func=github.com/hzlpypy/waybill_center/internal/receive.Receive file="/home/huangzhilin/go/src/waybill_center/internal/receive/index.go:72"
time="2021-06-30T15:20:25+08:00" level=error msg="Create Waybill error,err=Error 123: " func=github.com/hzlpypy/waybill_center/internal/receive.Receive file="/home/huangzhilin/go/src/waybill_center/internal/receive/index.go:72"
time="2021-06-30T15:20:37+08:00" level=error msg="Create Waybill error,err=Error 123: " func=github.com/hzlpypy/waybill_center/internal/receive.Receive file="/home/huangzhilin/go/src/waybill_center/internal/receive/index.go:72"
time="2021-06-30T15:20:56+08:00" level=error msg="Create Waybill error,err=Error 123: " func=github.com/hzlpypy/waybill_center/internal/receive.Receive file="/home/huangzhilin/go/src/waybill_center/internal/receive/index.go:72"
time="2021-06-30T15:21:03+08:00" level=error msg="Create Waybill error,err=Error 123: " func=github.com/hzlpypy/waybill_center/internal/receive.Receive file="/home/huangzhilin/go/src/waybill_center/internal/receive/index.go:72"
time="2021-06-30T15:22:47+08:00" level=error msg="Create Waybill error,err=Error 123: " func=github.com/hzlpypy/waybill_center/internal/receive.Receive file="/home/huangzhilin/go/src/waybill_center/internal/receive/index.go:72"
time="2021-06-30T15:22:50+08:00" level=error msg="Create Waybill error,err=Error 123: " func=github.com/hzlpypy/waybill_center/internal/receive.Receive file="/home/huangzhilin/go/src/waybill_center/internal/receive/index.go:72"
time="2021-06-30T15:22:55+08:00" level=error msg="Create Waybill error,err=Error 123: " func=github.com/hzlpypy/waybill_center/internal/receive.Receive file="/home/huangzhilin/go/src/waybill_center/internal/receive/index.go:72"
time="2021-06-30T15:22:56+08:00" level=error msg="Create Waybill error,err=Error 123: " func=github.com/hzlpypy/waybill_center/internal/receive.Receive file="/home/huangzhilin/go/src/waybill_center/internal/receive/index.go:72"
time="2021-06-30T15:22:57+08:00" level=error msg="Create Waybill error,err=Error 123: " func=github.com/hzlpypy/waybill_center/internal/receive.Receive file="/home/huangzhilin/go/src/waybill_center/internal/receive/index.go:72"
time="2021-06-30T15:22:58+08:00" level=error msg="Create Waybill error,err=Error 123: " func=github.com/hzlpypy/waybill_center/internal/receive.Receive file="/home/huangzhilin/go/src/waybill_center/internal/receive/index.go:72"
time="2021-06-30T15:23:08+08:00" level=error msg="Create Waybill error,err=Error 123: " func=github.com/hzlpypy/waybill_center/internal/receive.Receive file="/home/huangzhilin/go/src/waybill_center/internal/receive/index.go:72"
time="2021-06-30T15:23:10+08:00" level=error msg="Create Waybill error,err=Error 123: " func=github.com/hzlpypy/waybill_center/internal/receive.Receive file="/home/huangzhilin/go/src/waybill_center/internal/receive/index.go:72"
time="2021-06-30T15:23:12+08:00" level=error msg="Create Waybill error,err=Error 123: " func=github.com/hzlpypy/waybill_center/internal/receive.Receive file="/home/huangzhilin/go/src/waybill_center/internal/receive/index.go:72"
time="2021-06-30T15:23:22+08:00" level=error msg="Create Waybill error,err=Error 123: " func=github.com/hzlpypy/waybill_center/internal/receive.Receive file="/home/huangzhilin/go/src/waybill_center/internal/receive/index.go:72"
time="2021-06-30T15:23:23+08:00" level=error msg="Create Waybill error,err=Error 123: " func=github.com/hzlpypy/waybill_center/internal/receive.Receive file="/home/huangzhilin/go/src/waybill_center/internal/receive/index.go:72"
time="2021-06-30T15:23:27+08:00" level=error msg="Create Waybill error,err=Error 123: " func=github.com/hzlpypy/waybill_center/internal/receive.Receive file="/home/huangzhilin/go/src/waybill_center/internal/receive/index.go:72"
time="2021-06-30T15:23:32+08:00" level=error msg="Create Waybill error,err=Error 123: " func=github.com/hzlpypy/waybill_center/internal/receive.Receive file="/home/huangzhilin/go/src/waybill_center/internal/receive/index.go:72"
time="2021-06-30T15:23:40+08:00" level=error msg="Create Waybill error,err=Error 123: " func=github.com/hzlpypy/waybill_center/internal/receive.Receive file="/home/huangzhilin/go/src/waybill_center/internal/receive/index.go:72"
time="2021-06-30T15:23:41+08:00" level=error msg="Create Waybill error,err=Error 123: " func=github.com/hzlpypy/waybill_center/internal/receive.Receive file="/home/huangzhilin/go/src/waybill_center/internal/receive/index.go:72"
time="2021-06-30T15:23:42+08:00" level=error msg="Create Waybill error,err=Error 123: " func=github.com/hzlpypy/waybill_center/internal/receive.Receive file="/home/huangzhilin/go/src/waybill_center/internal/receive/index.go:72"
time="2021-06-30T15:23:46+08:00" level=error msg="Create Waybill error,err=Error 123: " func=github.com/hzlpypy/waybill_center/internal/receive.Receive file="/home/huangzhilin/go/src/waybill_center/internal/receive/index.go:72"
time="2021-06-30T15:23:51+08:00" level=error msg="Create Waybill error,err=Error 123: " func=github.com/hzlpypy/waybill_center/internal/receive.Receive file="/home/huangzhilin/go/src/waybill_center/internal/receive/index.go:72"
time="2021-06-30T15:24:08+08:00" level=error msg="Create Waybill error,err=Error 123: " func=github.com/hzlpypy/waybill_center/internal/receive.Receive file="/home/huangzhilin/go/src/waybill_center/internal/receive/index.go:72"
time="2021-06-30T15:24:10+08:00" level=error msg="Create Waybill error,err=Error 123: " func=github.com/hzlpypy/waybill_center/internal/receive.Receive file="/home/huangzhilin/go/src/waybill_center/internal/receive/index.go:72"
time="2021-06-30T15:24:11+08:00" level=error msg="Create Waybill error,err=Error 123: " func=github.com/hzlpypy/waybill_center/internal/receive.Receive file="/home/huangzhilin/go/src/waybill_center/internal/receive/index.go:72"
time="2021-06-30T15:24:12+08:00" level=error msg="Create Waybill error,err=Error 123: " func=github.com/hzlpypy/waybill_center/internal/receive.Receive file="/home/huangzhilin/go/src/waybill_center/internal/receive/index.go:72"
time="2021-06-30T15:24:12+08:00" level=error msg="Create Waybill error,err=Error 123: " func=github.com/hzlpypy/waybill_center/internal/receive.Receive file="/home/huangzhilin/go/src/waybill_center/internal/receive/index.go:72"
time="2021-06-30T15:24:42+08:00" level=error msg="Create Waybill error,err=Error 123: " func=github.com/hzlpypy/waybill_center/internal/receive.Receive file="/home/huangzhilin/go/src/waybill_center/internal/receive/index.go:72"
time="2021-06-30T15:24:42+08:00" level=error msg="Create Waybill error,err=Error 123: " func=github.com/hzlpypy/waybill_center/internal/receive.Receive file="/home/huangzhilin/go/src/waybill_center/internal/receive/index.go:72"
time="2021-06-30T15:24:42+08:00" level=error msg="Create Waybill error,err=Error 123: " func=github.com/hzlpypy/waybill_center/internal/receive.Receive file="/home/huangzhilin/go/src/waybill_center/internal/receive/index.go:72"
time="2021-06-30T15:24:42+08:00" level=error msg="Create Waybill error,err=Error 123: " func=github.com/hzlpypy/waybill_center/internal/receive.Receive file="/home/huangzhilin/go/src/waybill_center/internal/receive/index.go:72"
time="2021-06-30T15:24:42+08:00" level=error msg="Create Waybill error,err=Error 123: " func=github.com/hzlpypy/waybill_center/internal/receive.Receive file="/home/huangzhilin/go/src/waybill_center/internal/receive/index.go:72"
time="2021-06-30T15:24:44+08:00" level=error msg="Create Waybill error,err=Error 123: " func=github.com/hzlpypy/waybill_center/internal/receive.Receive file="/home/huangzhilin/go/src/waybill_center/internal/receive/index.go:72"
time="2021-06-30T15:24:47+08:00" level=error msg="Create Waybill error,err=Error 123: " func=github.com/hzlpypy/waybill_center/internal/receive.Receive file="/home/huangzhilin/go/src/waybill_center/internal/receive/index.go:72"
time="2021-06-30T15:24:47+08:00" level=error msg="Create Waybill error,err=Error 123: " func=github.com/hzlpypy/waybill_center/internal/receive.Receive file="/home/huangzhilin/go/src/waybill_center/internal/receive/index.go:72"
time="2021-06-30T15:24:47+08:00" level=error msg="Create Waybill error,err=Error 123: " func=github.com/hzlpypy/waybill_center/internal/receive.Receive file="/home/huangzhilin/go/src/waybill_center/internal/receive/index.go:72"
time="2021-06-30T15:24:47+08:00" level=error msg="Create Waybill error,err=Error 123: " func=github.com/hzlpypy/waybill_center/internal/receive.Receive file="/home/huangzhilin/go/src/waybill_center/internal/receive/index.go:72"
time="2021-06-30T15:24:47+08:00" level=error msg="Create Waybill error,err=Error 123: " func=github.com/hzlpypy/waybill_center/internal/receive.Receive file="/home/huangzhilin/go/src/waybill_center/internal/receive/index.go:72"
time="2021-06-30T15:24:49+08:00" level=error msg="Create Waybill error,err=Error 123: " func=github.com/hzlpypy/waybill_center/internal/receive.Receive file="/home/huangzhilin/go/src/waybill_center/internal/receive/index.go:72"
time="2021-06-30T15:24:49+08:00" level=error msg="Create Waybill error,err=Error 123: " func=github.com/hzlpypy/waybill_center/internal/receive.Receive file="/home/huangzhilin/go/src/waybill_center/internal/receive/index.go:72"
time="2021-06-30T15:24:49+08:00" level=error msg="Create Waybill error,err=Error 123: " func=github.com/hzlpypy/waybill_center/internal/receive.Receive file="/home/huangzhilin/go/src/waybill_center/internal/receive/index.go:72"
time="2021-06-30T15:24:49+08:00" level=error msg="Create Waybill error,err=Error 123: " func=github.com/hzlpypy/waybill_center/internal/receive.Receive file="/home/huangzhilin/go/src/waybill_center/internal/receive/index.go:72"
time="2021-06-30T15:24:49+08:00" level=error msg="Create Waybill error,err=Error 123: " func=github.com/hzlpypy/waybill_center/internal/receive.Receive file="/home/huangzhilin/go/src/waybill_center/internal/receive/index.go:72"
time="2021-06-30T15:24:49+08:00" level=error msg="Create Waybill error,err=Error 123: " func=github.com/hzlpypy/waybill_center/internal/receive.Receive file="/home/huangzhilin/go/src/waybill_center/internal/receive/index.go:72"
time="2021-06-30T15:24:49+08:00" level=error msg="Create Waybill error,err=Error 123: " func=github.com/hzlpypy/waybill_center/internal/receive.Receive file="/home/huangzhilin/go/src/waybill_center/internal/receive/index.go:72"
time="2021-06-30T15:24:49+08:00" level=error msg="Create Waybill error,err=Error 123: " func=github.com/hzlpypy/waybill_center/internal/receive.Receive file="/home/huangzhilin/go/src/waybill_center/internal/receive/index.go:72"
time="2021-06-30T15:24:49+08:00" level=error msg="Create Waybill error,err=Error 123: " func=github.com/hzlpypy/waybill_center/internal/receive.Receive file="/home/huangzhilin/go/src/waybill_center/internal/receive/index.go:72"
time="2021-06-30T15:24:49+08:00" level=error msg="Create Waybill error,err=Error 123: " func=github.com/hzlpypy/waybill_center/internal/receive.Receive file="/home/huangzhilin/go/src/waybill_center/internal/receive/index.go:72"
time="2021-06-30T15:24:49+08:00" level=error msg="Create Waybill error,err=Error 123: " func=github.com/hzlpypy/waybill_center/internal/receive.Receive file="/home/huangzhilin/go/src/waybill_center/internal/receive/index.go:72"
time="2021-06-30T15:24:49+08:00" level=error msg="Create Waybill error,err=Error 123: " func=github.com/hzlpypy/waybill_center/internal/receive.Receive file="/home/huangzhilin/go/src/waybill_center/internal/receive/index.go:72"
time="2021-06-30T15:24:50+08:00" level=error msg="Create Waybill error,err=Error 123: " func=github.com/hzlpypy/waybill_center/internal/receive.Receive file="/home/huangzhilin/go/src/waybill_center/internal/receive/index.go:72"
time="2021-06-30T15:24:50+08:00" level=error msg="Create Waybill error,err=Error 123: " func=github.com/hzlpypy/waybill_center/internal/receive.Receive file="/home/huangzhilin/go/src/waybill_center/internal/receive/index.go:72"
time="2021-06-30T15:24:50+08:00" level=error msg="Create Waybill error,err=Error 123: " func=github.com/hzlpypy/waybill_center/internal/receive.Receive file="/home/huangzhilin/go/src/waybill_center/internal/receive/index.go:72"
time="2021-06-30T15:24:50+08:00" level=error msg="Create Waybill error,err=Error 123: " func=github.com/hzlpypy/waybill_center/internal/receive.Receive file="/home/huangzhilin/go/src/waybill_center/internal/receive/index.go:72"
time="2021-06-30T15:24:50+08:00" level=error msg="Create Waybill error,err=Error 123: " func=github.com/hzlpypy/waybill_center/internal/receive.Receive file="/home/huangzhilin/go/src/waybill_center/internal/receive/index.go:72"
time="2021-06-30T15:24:50+08:00" level=error msg="Create Waybill error,err=Error 123: " func=github.com/hzlpypy/waybill_center/internal/receive.Receive file="/home/huangzhilin/go/src/waybill_center/internal/receive/index.go:72"
time="2021-06-30T15:24:51+08:00" level=error msg="Create Waybill error,err=Error 123: " func=github.com/hzlpypy/waybill_center/internal/receive.Receive file="/home/huangzhilin/go/src/waybill_center/internal/receive/index.go:72"
time="2021-06-30T15:24:51+08:00" level=error msg="Create Waybill error,err=Error 123: " func=github.com/hzlpypy/waybill_center/internal/receive.Receive file="/home/huangzhilin/go/src/waybill_center/internal/receive/index.go:72"
time="2021-06-30T15:24:51+08:00" level=error msg="Create Waybill error,err=Error 123: " func=github.com/hzlpypy/waybill_center/internal/receive.Receive file="/home/huangzhilin/go/src/waybill_center/internal/receive/index.go:72"
time="2021-06-30T15:24:51+08:00" level=error msg="Create Waybill error,err=Error 123: " func=github.com/hzlpypy/waybill_center/internal/receive.Receive file="/home/huangzhilin/go/src/waybill_center/internal/receive/index.go:72"
time="2021-06-30T15:24:51+08:00" level=error msg="Create Waybill error,err=Error 123: " func=github.com/hzlpypy/waybill_center/internal/receive.Receive file="/home/huangzhilin/go/src/waybill_center/internal/receive/index.go:72"
time="2021-06-30T15:24:51+08:00" level=error msg="Create Waybill error,err=Error 123: " func=github.com/hzlpypy/waybill_center/internal/receive.Receive file="/home/huangzhilin/go/src/waybill_center/internal/receive/index.go:72"
time="2021-06-30T15:24:51+08:00" level=error msg="Create Waybill error,err=Error 123: " func=github.com/hzlpypy/waybill_center/internal/receive.Receive file="/home/huangzhilin/go/src/waybill_center/internal/receive/index.go:72"
time="2021-06-30T15:24:51+08:00" level=error msg="Create Waybill error,err=Error 123: " func=github.com/hzlpypy/waybill_center/internal/receive.Receive file="/home/huangzhilin/go/src/waybill_center/internal/receive/index.go:72"
time="2021-06-30T15:24:51+08:00" level=error msg="Create Waybill error,err=Error 123: " func=github.com/hzlpypy/waybill_center/internal/receive.Receive file="/home/huangzhilin/go/src/waybill_center/internal/receive/index.go:72"
time="2021-06-30T15:24:51+08:00" level=error msg="Create Waybill error,err=Error 123: " func=github.com/hzlpypy/waybill_center/internal/receive.Receive file="/home/huangzhilin/go/src/waybill_center/internal/receive/index.go:72"
time="2021-06-30T15:24:51+08:00" level=error msg="Create Waybill error,err=Error 123: " func=github.com/hzlpypy/waybill_center/internal/receive.Receive file="/home/huangzhilin/go/src/waybill_center/internal/receive/index.go:72"
time="2021-06-30T15:24:51+08:00" level=error msg="Create Waybill error,err=Error 123: " func=github.com/hzlpypy/waybill_center/internal/receive.Receive file="/home/huangzhilin/go/src/waybill_center/internal/receive/index.go:72"
time="2021-06-30T15:24:52+08:00" level=error msg="Create Waybill error,err=Error 123: " func=github.com/hzlpypy/waybill_center/internal/receive.Receive file="/home/huangzhilin/go/src/waybill_center/internal/receive/index.go:72"
time="2021-06-30T15:24:52+08:00" level=error msg="Create Waybill error,err=Error 123: " func=github.com/hzlpypy/waybill_center/internal/receive.Receive file="/home/huangzhilin/go/src/waybill_center/internal/receive/index.go:72"
time="2021-06-30T15:24:52+08:00" level=error msg="Create Waybill error,err=Error 123: " func=github.com/hzlpypy/waybill_center/internal/receive.Receive file="/home/huangzhilin/go/src/waybill_center/internal/receive/index.go:72"
time="2021-06-30T15:24:52+08:00" level=error msg="Create Waybill error,err=Error 123: " func=github.com/hzlpypy/waybill_center/internal/receive.Receive file="/home/huangzhilin/go/src/waybill_center/internal/receive/index.go:72"
time="2021-06-30T15:24:52+08:00" level=error msg="Create Waybill error,err=Error 123: " func=github.com/hzlpypy/waybill_center/internal/receive.Receive file="/home/huangzhilin/go/src/waybill_center/internal/receive/index.go:72"
time="2021-06-30T15:24:52+08:00" level=error msg="Create Waybill error,err=Error 123: " func=github.com/hzlpypy/waybill_center/internal/receive.Receive file="/home/huangzhilin/go/src/waybill_center/internal/receive/index.go:72"
time="2021-06-30T15:24:52+08:00" level=error msg="Create Waybill error,err=Error 123: " func=github.com/hzlpypy/waybill_center/internal/receive.Receive file="/home/huangzhilin/go/src/waybill_center/internal/receive/index.go:72"
time="2021-06-30T15:24:52+08:00" level=error msg="Create Waybill error,err=Error 123: " func=github.com/hzlpypy/waybill_center/internal/receive.Receive file="/home/huangzhilin/go/src/waybill_center/internal/receive/index.go:72"
time="2021-06-30T15:24:52+08:00" level=error msg="Create Waybill error,err=Error 123: " func=github.com/hzlpypy/waybill_center/internal/receive.Receive file="/home/huangzhilin/go/src/waybill_center/internal/receive/index.go:72"
time="2021-06-30T15:24:52+08:00" level=error msg="Create Waybill error,err=Error 123: " func=github.com/hzlpypy/waybill_center/internal/receive.Receive file="/home/huangzhilin/go/src/waybill_center/internal/receive/index.go:72"
time="2021-06-30T15:24:52+08:00" level=error msg="Create Waybill error,err=Error 123: " func=github.com/hzlpypy/waybill_center/internal/receive.Receive file="/home/huangzhilin/go/src/waybill_center/internal/receive/index.go:72"
time="2021-06-30T15:24:52+08:00" level=error msg="Create Waybill error,err=Error 123: " func=github.com/hzlpypy/waybill_center/internal/receive.Receive file="/home/huangzhilin/go/src/waybill_center/internal/receive/index.go:72"
time="2021-06-30T15:24:52+08:00" level=error msg="Create Waybill error,err=Error 123: " func=github.com/hzlpypy/waybill_center/internal/receive.Receive file="/home/huangzhilin/go/src/waybill_center/internal/receive/index.go:72"
time="2021-06-30T15:24:52+08:00" level=error msg="Create Waybill error,err=Error 123: " func=github.com/hzlpypy/waybill_center/internal/receive.Receive file="/home/huangzhilin/go/src/waybill_center/internal/receive/index.go:72"
time="2021-06-30T15:24:52+08:00" level=error msg="Create Waybill error,err=Error 123: " func=github.com/hzlpypy/waybill_center/internal/receive.Receive file="/home/huangzhilin/go/src/waybill_center/internal/receive/index.go:72"
time="2021-06-30T15:24:52+08:00" level=error msg="Create Waybill error,err=Error 123: " func=github.com/hzlpypy/waybill_center/internal/receive.Receive file="/home/huangzhilin/go/src/waybill_center/internal/receive/index.go:72"
time="2021-06-30T15:24:52+08:00" level=error msg="Create Waybill error,err=Error 123: " func=github.com/hzlpypy/waybill_center/internal/receive.Receive file="/home/huangzhilin/go/src/waybill_center/internal/receive/index.go:72"
time="2021-06-30T15:24:52+08:00" level=error msg="Create Waybill error,err=Error 123: " func=github.com/hzlpypy/waybill_center/internal/receive.Receive file="/home/huangzhilin/go/src/waybill_center/internal/receive/index.go:72"
time="2021-06-30T15:24:52+08:00" level=error msg="Create Waybill error,err=Error 123: " func=github.com/hzlpypy/waybill_center/internal/receive.Receive file="/home/huangzhilin/go/src/waybill_center/internal/receive/index.go:72"
time="2021-06-30T15:24:53+08:00" level=error msg="Create Waybill error,err=Error 123: " func=github.com/hzlpypy/waybill_center/internal/receive.Receive file="/home/huangzhilin/go/src/waybill_center/internal/receive/index.go:72"
time="2021-06-30T15:24:53+08:00" level=error msg="Create Waybill error,err=Error 123: " func=github.com/hzlpypy/waybill_center/internal/receive.Receive file="/home/huangzhilin/go/src/waybill_center/internal/receive/index.go:72"
time="2021-06-30T15:24:53+08:00" level=error msg="Create Waybill error,err=Error 123: " func=github.com/hzlpypy/waybill_center/internal/receive.Receive file="/home/huangzhilin/go/src/waybill_center/internal/receive/index.go:72"
time="2021-06-30T15:24:53+08:00" level=error msg="Create Waybill error,err=Error 123: " func=github.com/hzlpypy/waybill_center/internal/receive.Receive file="/home/huangzhilin/go/src/waybill_center/internal/receive/index.go:72"
time="2021-06-30T15:24:53+08:00" level=error msg="Create Waybill error,err=Error 123: " func=github.com/hzlpypy/waybill_center/internal/receive.Receive file="/home/huangzhilin/go/src/waybill_center/internal/receive/index.go:72"
time="2021-06-30T15:24:53+08:00" level=error msg="Create Waybill error,err=Error 123: " func=github.com/hzlpypy/waybill_center/internal/receive.Receive file="/home/huangzhilin/go/src/waybill_center/internal/receive/index.go:72"
time="2021-06-30T15:24:53+08:00" level=error msg="Create Waybill error,err=Error 123: " func=github.com/hzlpypy/waybill_center/internal/receive.Receive file="/home/huangzhilin/go/src/waybill_center/internal/receive/index.go:72"
time="2021-06-30T15:24:53+08:00" level=error msg="Create Waybill error,err=Error 123: " func=github.com/hzlpypy/waybill_center/internal/receive.Receive file="/home/huangzhilin/go/src/waybill_center/internal/receive/index.go:72"
time="2021-06-30T15:24:53+08:00" level=error msg="Create Waybill error,err=Error 123: " func=github.com/hzlpypy/waybill_center/internal/receive.Receive file="/home/huangzhilin/go/src/waybill_center/internal/receive/index.go:72"
time="2021-06-30T15:24:53+08:00" level=error msg="Create Waybill error,err=Error 123: " func=github.com/hzlpypy/waybill_center/internal/receive.Receive file="/home/huangzhilin/go/src/waybill_center/internal/receive/index.go:72"
time="2021-06-30T15:24:53+08:00" level=error msg="Create Waybill error,err=Error 123: " func=github.com/hzlpypy/waybill_center/internal/receive.Receive file="/home/huangzhilin/go/src/waybill_center/internal/receive/index.go:72"
time="2021-06-30T15:24:53+08:00" level=error msg="Create Waybill error,err=Error 123: " func=github.com/hzlpypy/waybill_center/internal/receive.Receive file="/home/huangzhilin/go/src/waybill_center/internal/receive/index.go:72"
time="2021-06-30T15:24:53+08:00" level=error msg="Create Waybill error,err=Error 123: " func=github.com/hzlpypy/waybill_center/internal/receive.Receive file="/home/huangzhilin/go/src/waybill_center/internal/receive/index.go:72"
time="2021-06-30T15:24:53+08:00" level=error msg="Create Waybill error,err=Error 123: " func=github.com/hzlpypy/waybill_center/internal/receive.Receive file="/home/huangzhilin/go/src/waybill_center/internal/receive/index.go:72"
time="2021-06-30T15:24:53+08:00" level=error msg="Create Waybill error,err=Error 123: " func=github.com/hzlpypy/waybill_center/internal/receive.Receive file="/home/huangzhilin/go/src/waybill_center/internal/receive/index.go:72"
time="2021-06-30T15:24:53+08:00" level=error msg="Create Waybill error,err=Error 123: " func=github.com/hzlpypy/waybill_center/internal/receive.Receive file="/home/huangzhilin/go/src/waybill_center/internal/receive/index.go:72"
time="2021-06-30T15:24:53+08:00" level=error msg="Create Waybill error,err=Error 123: " func=github.com/hzlpypy/waybill_center/internal/receive.Receive file="/home/huangzhilin/go/src/waybill_center/internal/receive/index.go:72"
time="2021-06-30T15:24:54+08:00" level=error msg="Create Waybill error,err=Error 123: " func=github.com/hzlpypy/waybill_center/internal/receive.Receive file="/home/huangzhilin/go/src/waybill_center/internal/receive/index.go:72"
time="2021-06-30T15:24:54+08:00" level=error msg="Create Waybill error,err=Error 123: " func=github.com/hzlpypy/waybill_center/internal/receive.Receive file="/home/huangzhilin/go/src/waybill_center/internal/receive/index.go:72"
time="2021-06-30T15:24:54+08:00" level=error msg="Create Waybill error,err=Error 123: " func=github.com/hzlpypy/waybill_center/internal/receive.Receive file="/home/huangzhilin/go/src/waybill_center/internal/receive/index.go:72"
time="2021-06-30T15:24:54+08:00" level=error msg="Create Waybill error,err=Error 123: " func=github.com/hzlpypy/waybill_center/internal/receive.Receive file="/home/huangzhilin/go/src/waybill_center/internal/receive/index.go:72"
time="2021-06-30T15:24:54+08:00" level=error msg="Create Waybill error,err=Error 123: " func=github.com/hzlpypy/waybill_center/internal/receive.Receive file="/home/huangzhilin/go/src/waybill_center/internal/receive/index.go:72"
time="2021-06-30T15:24:54+08:00" level=error msg="Create Waybill error,err=Error 123: " func=github.com/hzlpypy/waybill_center/internal/receive.Receive file="/home/huangzhilin/go/src/waybill_center/internal/receive/index.go:72"
time="2021-06-30T15:24:54+08:00" level=error msg="Create Waybill error,err=Error 123: " func=github.com/hzlpypy/waybill_center/internal/receive.Receive file="/home/huangzhilin/go/src/waybill_center/internal/receive/index.go:72"
time="2021-06-30T15:24:54+08:00" level=error msg="Create Waybill error,err=Error 123: " func=github.com/hzlpypy/waybill_center/internal/receive.Receive file="/home/huangzhilin/go/src/waybill_center/internal/receive/index.go:72"
time="2021-06-30T15:24:54+08:00" level=error msg="Create Waybill error,err=Error 123: " func=github.com/hzlpypy/waybill_center/internal/receive.Receive file="/home/huangzhilin/go/src/waybill_center/internal/receive/index.go:72"
time="2021-06-30T15:24:54+08:00" level=error msg="Create Waybill error,err=Error 123: " func=github.com/hzlpypy/waybill_center/internal/receive.Receive file="/home/huangzhilin/go/src/waybill_center/internal/receive/index.go:72"
time="2021-06-30T15:24:54+08:00" level=error msg="Create Waybill error,err=Error 123: " func=github.com/hzlpypy/waybill_center/internal/receive.Receive file="/home/huangzhilin/go/src/waybill_center/internal/receive/index.go:72"
time="2021-06-30T15:24:54+08:00" level=error msg="Create Waybill error,err=Error 123: " func=github.com/hzlpypy/waybill_center/internal/receive.Receive file="/home/huangzhilin/go/src/waybill_center/internal/receive/index.go:72"
time="2021-06-30T15:24:54+08:00" level=error msg="Create Waybill error,err=Error 123: " func=github.com/hzlpypy/waybill_center/internal/receive.Receive file="/home/huangzhilin/go/src/waybill_center/internal/receive/index.go:72"
time="2021-06-30T15:24:54+08:00" level=error msg="Create Waybill error,err=Error 123: " func=github.com/hzlpypy/waybill_center/internal/receive.Receive file="/home/huangzhilin/go/src/waybill_center/internal/receive/index.go:72"
time="2021-06-30T15:24:54+08:00" level=error msg="Create Waybill error,err=Error 123: " func=github.com/hzlpypy/waybill_center/internal/receive.Receive file="/home/huangzhilin/go/src/waybill_center/internal/receive/index.go:72"
time="2021-06-30T15:24:54+08:00" level=error msg="Create Waybill error,err=Error 123: " func=github.com/hzlpypy/waybill_center/internal/receive.Receive file="/home/huangzhilin/go/src/waybill_center/internal/receive/index.go:72"
time="2021-06-30T15:24:54+08:00" level=error msg="Create Waybill error,err=Error 123: " func=github.com/hzlpypy/waybill_center/internal/receive.Receive file="/home/huangzhilin/go/src/waybill_center/internal/receive/index.go:72"
time="2021-06-30T15:24:54+08:00" level=error msg="Create Waybill error,err=Error 123: " func=github.com/hzlpypy/waybill_center/internal/receive.Receive file="/home/huangzhilin/go/src/waybill_center/internal/receive/index.go:72"
time="2021-06-30T15:24:54+08:00" level=error msg="Create Waybill error,err=Error 123: " func=github.com/hzlpypy/waybill_center/internal/receive.Receive file="/home/huangzhilin/go/src/waybill_center/internal/receive/index.go:72"
time="2021-06-30T15:24:54+08:00" level=error msg="Create Waybill error,err=Error 123: " func=github.com/hzlpypy/waybill_center/internal/receive.Receive file="/home/huangzhilin/go/src/waybill_center/internal/receive/index.go:72"
time="2021-06-30T15:24:54+08:00" level=error msg="Create Waybill error,err=Error 123: " func=github.com/hzlpypy/waybill_center/internal/receive.Receive file="/home/huangzhilin/go/src/waybill_center/internal/receive/index.go:72"
time="2021-06-30T15:24:54+08:00" level=error msg="Create Waybill error,err=Error 123: " func=github.com/hzlpypy/waybill_center/internal/receive.Receive file="/home/huangzhilin/go/src/waybill_center/internal/receive/index.go:72"
time="2021-06-30T15:24:54+08:00" level=error msg="Create Waybill error,err=Error 123: " func=github.com/hzlpypy/waybill_center/internal/receive.Receive file="/home/huangzhilin/go/src/waybill_center/internal/receive/index.go:72"
time="2021-06-30T15:24:54+08:00" level=error msg="Create Waybill error,err=Error 123: " func=github.com/hzlpypy/waybill_center/internal/receive.Receive file="/home/huangzhilin/go/src/waybill_center/internal/receive/index.go:72"
time="2021-06-30T15:24:56+08:00" level=error msg="Create Waybill error,err=Error 123: " func=github.com/hzlpypy/waybill_center/internal/receive.Receive file="/home/huangzhilin/go/src/waybill_center/internal/receive/index.go:72"
time="2021-06-30T15:24:56+08:00" level=error msg="Create Waybill error,err=Error 123: " func=github.com/hzlpypy/waybill_center/internal/receive.Receive file="/home/huangzhilin/go/src/waybill_center/internal/receive/index.go:72"
time="2021-06-30T15:24:56+08:00" level=error msg="Create Waybill error,err=Error 123: " func=github.com/hzlpypy/waybill_center/internal/receive.Receive file="/home/huangzhilin/go/src/waybill_center/internal/receive/index.go:72"
time="2021-06-30T15:24:56+08:00" level=error msg="Create Waybill error,err=Error 123: " func=github.com/hzlpypy/waybill_center/internal/receive.Receive file="/home/huangzhilin/go/src/waybill_center/internal/receive/index.go:72"
time="2021-06-30T15:24:56+08:00" level=error msg="Create Waybill error,err=Error 123: " func=github.com/hzlpypy/waybill_center/internal/receive.Receive file="/home/huangzhilin/go/src/waybill_center/internal/receive/index.go:72"
time="2021-06-30T15:24:56+08:00" level=error msg="Create Waybill error,err=Error 123: " func=github.com/hzlpypy/waybill_center/internal/receive.Receive file="/home/huangzhilin/go/src/waybill_center/internal/receive/index.go:72"
time="2021-06-30T15:24:57+08:00" level=error msg="Create Waybill error,err=Error 123: " func=github.com/hzlpypy/waybill_center/internal/receive.Receive file="/home/huangzhilin/go/src/waybill_center/internal/receive/index.go:72"
time="2021-06-30T15:24:57+08:00" level=error msg="Create Waybill error,err=Error 123: " func=github.com/hzlpypy/waybill_center/internal/receive.Receive file="/home/huangzhilin/go/src/waybill_center/internal/receive/index.go:72"
time="2021-06-30T15:24:57+08:00" level=error msg="Create Waybill error,err=Error 123: " func=github.com/hzlpypy/waybill_center/internal/receive.Receive file="/home/huangzhilin/go/src/waybill_center/internal/receive/index.go:72"
time="2021-06-30T15:24:57+08:00" level=error msg="Create Waybill error,err=Error 123: " func=github.com/hzlpypy/waybill_center/internal/receive.Receive file="/home/huangzhilin/go/src/waybill_center/internal/receive/index.go:72"
time="2021-06-30T15:24:57+08:00" level=error msg="Create Waybill error,err=Error 123: " func=github.com/hzlpypy/waybill_center/internal/receive.Receive file="/home/huangzhilin/go/src/waybill_center/internal/receive/index.go:72"
time="2021-06-30T15:24:57+08:00" level=error msg="Create Waybill error,err=Error 123: " func=github.com/hzlpypy/waybill_center/internal/receive.Receive file="/home/huangzhilin/go/src/waybill_center/internal/receive/index.go:72"
time="2021-06-30T15:24:57+08:00" level=error msg="Create Waybill error,err=Error 123: " func=github.com/hzlpypy/waybill_center/internal/receive.Receive file="/home/huangzhilin/go/src/waybill_center/internal/receive/index.go:72"
time="2021-06-30T15:24:58+08:00" level=error msg="Create Waybill error,err=Error 123: " func=github.com/hzlpypy/waybill_center/internal/receive.Receive file="/home/huangzhilin/go/src/waybill_center/internal/receive/index.go:72"
time="2021-06-30T15:24:58+08:00" level=error msg="Create Waybill error,err=Error 123: " func=github.com/hzlpypy/waybill_center/internal/receive.Receive file="/home/huangzhilin/go/src/waybill_center/internal/receive/index.go:72"
time="2021-06-30T15:24:58+08:00" level=error msg="Create Waybill error,err=Error 123: " func=github.com/hzlpypy/waybill_center/internal/receive.Receive file="/home/huangzhilin/go/src/waybill_center/internal/receive/index.go:72"
time="2021-06-30T15:24:58+08:00" level=error msg="Create Waybill error,err=Error 123: " func=github.com/hzlpypy/waybill_center/internal/receive.Receive file="/home/huangzhilin/go/src/waybill_center/internal/receive/index.go:72"
time="2021-06-30T15:24:58+08:00" level=error msg="Create Waybill error,err=Error 123: " func=github.com/hzlpypy/waybill_center/internal/receive.Receive file="/home/huangzhilin/go/src/waybill_center/internal/receive/index.go:72"
time="2021-06-30T15:24:58+08:00" level=error msg="Create Waybill error,err=Error 123: " func=github.com/hzlpypy/waybill_center/internal/receive.Receive file="/home/huangzhilin/go/src/waybill_center/internal/receive/index.go:72"
time="2021-06-30T15:24:58+08:00" level=error msg="Create Waybill error,err=Error 123: " func=github.com/hzlpypy/waybill_center/internal/receive.Receive file="/home/huangzhilin/go/src/waybill_center/internal/receive/index.go:72"
time="2021-06-30T15:24:58+08:00" level=error msg="Create Waybill error,err=Error 123: " func=github.com/hzlpypy/waybill_center/internal/receive.Receive file="/home/huangzhilin/go/src/waybill_center/internal/receive/index.go:72"
time="2021-06-30T15:24:58+08:00" level=error msg="Create Waybill error,err=Error 123: " func=github.com/hzlpypy/waybill_center/internal/receive.Receive file="/home/huangzhilin/go/src/waybill_center/internal/receive/index.go:72"
time="2021-06-30T15:24:58+08:00" level=error msg="Create Waybill error,err=Error 123: " func=github.com/hzlpypy/waybill_center/internal/receive.Receive file="/home/huangzhilin/go/src/waybill_center/internal/receive/index.go:72"
time="2021-06-30T15:24:58+08:00" level=error msg="Create Waybill error,err=Error 123: " func=github.com/hzlpypy/waybill_center/internal/receive.Receive file="/home/huangzhilin/go/src/waybill_center/internal/receive/index.go:72"
time="2021-06-30T15:24:59+08:00" level=error msg="Create Waybill error,err=Error 123: " func=github.com/hzlpypy/waybill_center/internal/receive.Receive file="/home/huangzhilin/go/src/waybill_center/internal/receive/index.go:72"
time="2021-06-30T15:24:59+08:00" level=error msg="Create Waybill error,err=Error 123: " func=github.com/hzlpypy/waybill_center/internal/receive.Receive file="/home/huangzhilin/go/src/waybill_center/internal/receive/index.go:72"
time="2021-06-30T15:24:59+08:00" level=error msg="Create Waybill error,err=Error 123: " func=github.com/hzlpypy/waybill_center/internal/receive.Receive file="/home/huangzhilin/go/src/waybill_center/internal/receive/index.go:72"
time="2021-06-30T15:24:59+08:00" level=error msg="Create Waybill error,err=Error 123: " func=github.com/hzlpypy/waybill_center/internal/receive.Receive file="/home/huangzhilin/go/src/waybill_center/internal/receive/index.go:72"
time="2021-06-30T15:24:59+08:00" level=error msg="Create Waybill error,err=Error 123: " func=github.com/hzlpypy/waybill_center/internal/receive.Receive file="/home/huangzhilin/go/src/waybill_center/internal/receive/index.go:72"
time="2021-06-30T15:24:59+08:00" level=error msg="Create Waybill error,err=Error 123: " func=github.com/hzlpypy/waybill_center/internal/receive.Receive file="/home/huangzhilin/go/src/waybill_center/internal/receive/index.go:72"
time="2021-06-30T15:25:00+08:00" level=error msg="Create Waybill error,err=Error 123: " func=github.com/hzlpypy/waybill_center/internal/receive.Receive file="/home/huangzhilin/go/src/waybill_center/internal/receive/index.go:72"
time="2021-06-30T15:25:00+08:00" level=error msg="Create Waybill error,err=Error 123: " func=github.com/hzlpypy/waybill_center/internal/receive.Receive file="/home/huangzhilin/go/src/waybill_center/internal/receive/index.go:72"
time="2021-06-30T15:25:00+08:00" level=error msg="Create Waybill error,err=Error 123: " func=github.com/hzlpypy/waybill_center/internal/receive.Receive file="/home/huangzhilin/go/src/waybill_center/internal/receive/index.go:72"
time="2021-06-30T15:25:00+08:00" level=error msg="Create Waybill error,err=Error 123: " func=github.com/hzlpypy/waybill_center/internal/receive.Receive file="/home/huangzhilin/go/src/waybill_center/internal/receive/index.go:72"
time="2021-06-30T15:25:00+08:00" level=error msg="Create Waybill error,err=Error 123: " func=github.com/hzlpypy/waybill_center/internal/receive.Receive file="/home/huangzhilin/go/src/waybill_center/internal/receive/index.go:72"
time="2021-06-30T15:25:00+08:00" level=error msg="Create Waybill error,err=Error 123: " func=github.com/hzlpypy/waybill_center/internal/receive.Receive file="/home/huangzhilin/go/src/waybill_center/internal/receive/index.go:72"
time="2021-06-30T15:25:00+08:00" level=error msg="Create Waybill error,err=Error 123: " func=github.com/hzlpypy/waybill_center/internal/receive.Receive file="/home/huangzhilin/go/src/waybill_center/internal/receive/index.go:72"
time="2021-06-30T15:25:00+08:00" level=error msg="Create Waybill error,err=Error 123: " func=github.com/hzlpypy/waybill_center/internal/receive.Receive file="/home/huangzhilin/go/src/waybill_center/internal/receive/index.go:72"
time="2021-06-30T15:25:00+08:00" level=error msg="Create Waybill error,err=Error 123: " func=github.com/hzlpypy/waybill_center/internal/receive.Receive file="/home/huangzhilin/go/src/waybill_center/internal/receive/index.go:72"
time="2021-06-30T15:25:00+08:00" level=error msg="Create Waybill error,err=Error 123: " func=github.com/hzlpypy/waybill_center/internal/receive.Receive file="/home/huangzhilin/go/src/waybill_center/internal/receive/index.go:72"
time="2021-06-30T15:25:00+08:00" level=error msg="Create Waybill error,err=Error 123: " func=github.com/hzlpypy/waybill_center/internal/receive.Receive file="/home/huangzhilin/go/src/waybill_center/internal/receive/index.go:72"
time="2021-06-30T15:25:00+08:00" level=error msg="Create Waybill error,err=Error 123: " func=github.com/hzlpypy/waybill_center/internal/receive.Receive file="/home/huangzhilin/go/src/waybill_center/internal/receive/index.go:72"
time="2021-06-30T15:25:01+08:00" level=error msg="Create Waybill error,err=Error 123: " func=github.com/hzlpypy/waybill_center/internal/receive.Receive file="/home/huangzhilin/go/src/waybill_center/internal/receive/index.go:72"
time="2021-06-30T15:25:01+08:00" level=error msg="Create Waybill error,err=Error 123: " func=github.com/hzlpypy/waybill_center/internal/receive.Receive file="/home/huangzhilin/go/src/waybill_center/internal/receive/index.go:72"
time="2021-06-30T15:25:01+08:00" level=error msg="Create Waybill error,err=Error 123: " func=github.com/hzlpypy/waybill_center/internal/receive.Receive file="/home/huangzhilin/go/src/waybill_center/internal/receive/index.go:72"
time="2021-06-30T15:25:01+08:00" level=error msg="Create Waybill error,err=Error 123: " func=github.com/hzlpypy/waybill_center/internal/receive.Receive file="/home/huangzhilin/go/src/waybill_center/internal/receive/index.go:72"
time="2021-06-30T15:25:01+08:00" level=error msg="Create Waybill error,err=Error 123: " func=github.com/hzlpypy/waybill_center/internal/receive.Receive file="/home/huangzhilin/go/src/waybill_center/internal/receive/index.go:72"
time="2021-06-30T15:25:01+08:00" level=error msg="Create Waybill error,err=Error 123: " func=github.com/hzlpypy/waybill_center/internal/receive.Receive file="/home/huangzhilin/go/src/waybill_center/internal/receive/index.go:72"
time="2021-06-30T15:25:01+08:00" level=error msg="Create Waybill error,err=Error 123: " func=github.com/hzlpypy/waybill_center/internal/receive.Receive file="/home/huangzhilin/go/src/waybill_center/internal/receive/index.go:72"
time="2021-06-30T15:25:01+08:00" level=error msg="Create Waybill error,err=Error 123: " func=github.com/hzlpypy/waybill_center/internal/receive.Receive file="/home/huangzhilin/go/src/waybill_center/internal/receive/index.go:72"
time="2021-06-30T15:25:01+08:00" level=error msg="Create Waybill error,err=Error 123: " func=github.com/hzlpypy/waybill_center/internal/receive.Receive file="/home/huangzhilin/go/src/waybill_center/internal/receive/index.go:72"
time="2021-06-30T15:25:01+08:00" level=error msg="Create Waybill error,err=Error 123: " func=github.com/hzlpypy/waybill_center/internal/receive.Receive file="/home/huangzhilin/go/src/waybill_center/internal/receive/index.go:72"
time="2021-06-30T15:25:01+08:00" level=error msg="Create Waybill error,err=Error 123: " func=github.com/hzlpypy/waybill_center/internal/receive.Receive file="/home/huangzhilin/go/src/waybill_center/internal/receive/index.go:72"
time="2021-06-30T15:25:01+08:00" level=error msg="Create Waybill error,err=Error 123: " func=github.com/hzlpypy/waybill_center/internal/receive.Receive file="/home/huangzhilin/go/src/waybill_center/internal/receive/index.go:72"
time="2021-06-30T15:25:01+08:00" level=error msg="Create Waybill error,err=Error 123: " func=github.com/hzlpypy/waybill_center/internal/receive.Receive file="/home/huangzhilin/go/src/waybill_center/internal/receive/index.go:72"
time="2021-06-30T15:25:02+08:00" level=error msg="Create Waybill error,err=Error 123: " func=github.com/hzlpypy/waybill_center/internal/receive.Receive file="/home/huangzhilin/go/src/waybill_center/internal/receive/index.go:72"
time="2021-06-30T15:25:02+08:00" level=error msg="Create Waybill error,err=Error 123: " func=github.com/hzlpypy/waybill_center/internal/receive.Receive file="/home/huangzhilin/go/src/waybill_center/internal/receive/index.go:72"
time="2021-06-30T15:25:02+08:00" level=error msg="Create Waybill error,err=Error 123: " func=github.com/hzlpypy/waybill_center/internal/receive.Receive file="/home/huangzhilin/go/src/waybill_center/internal/receive/index.go:72"
time="2021-06-30T15:25:02+08:00" level=error msg="Create Waybill error,err=Error 123: " func=github.com/hzlpypy/waybill_center/internal/receive.Receive file="/home/huangzhilin/go/src/waybill_center/internal/receive/index.go:72"
time="2021-06-30T15:25:02+08:00" level=error msg="Create Waybill error,err=Error 123: " func=github.com/hzlpypy/waybill_center/internal/receive.Receive file="/home/huangzhilin/go/src/waybill_center/internal/receive/index.go:72"
time="2021-06-30T15:25:02+08:00" level=error msg="Create Waybill error,err=Error 123: " func=github.com/hzlpypy/waybill_center/internal/receive.Receive file="/home/huangzhilin/go/src/waybill_center/internal/receive/index.go:72"
time="2021-06-30T15:25:02+08:00" level=error msg="Create Waybill error,err=Error 123: " func=github.com/hzlpypy/waybill_center/internal/receive.Receive file="/home/huangzhilin/go/src/waybill_center/internal/receive/index.go:72"
time="2021-06-30T15:25:02+08:00" level=error msg="Create Waybill error,err=Error 123: " func=github.com/hzlpypy/waybill_center/internal/receive.Receive file="/home/huangzhilin/go/src/waybill_center/internal/receive/index.go:72"
time="2021-06-30T15:25:02+08:00" level=error msg="Create Waybill error,err=Error 123: " func=github.com/hzlpypy/waybill_center/internal/receive.Receive file="/home/huangzhilin/go/src/waybill_center/internal/receive/index.go:72"
time="2021-06-30T15:25:02+08:00" level=error msg="Create Waybill error,err=Error 123: " func=github.com/hzlpypy/waybill_center/internal/receive.Receive file="/home/huangzhilin/go/src/waybill_center/internal/receive/index.go:72"
time="2021-06-30T15:25:02+08:00" level=error msg="Create Waybill error,err=Error 123: " func=github.com/hzlpypy/waybill_center/internal/receive.Receive file="/home/huangzhilin/go/src/waybill_center/internal/receive/index.go:72"
time="2021-06-30T15:25:02+08:00" level=error msg="Create Waybill error,err=Error 123: " func=github.com/hzlpypy/waybill_center/internal/receive.Receive file="/home/huangzhilin/go/src/waybill_center/internal/receive/index.go:72"
time="2021-06-30T15:25:02+08:00" level=error msg="Create Waybill error,err=Error 123: " func=github.com/hzlpypy/waybill_center/internal/receive.Receive file="/home/huangzhilin/go/src/waybill_center/internal/receive/index.go:72"
time="2021-06-30T15:25:02+08:00" level=error msg="Create Waybill error,err=Error 123: " func=github.com/hzlpypy/waybill_center/internal/receive.Receive file="/home/huangzhilin/go/src/waybill_center/internal/receive/index.go:72"
time="2021-06-30T15:25:02+08:00" level=error msg="Create Waybill error,err=Error 123: " func=github.com/hzlpypy/waybill_center/internal/receive.Receive file="/home/huangzhilin/go/src/waybill_center/internal/receive/index.go:72"
time="2021-06-30T15:25:02+08:00" level=error msg="Create Waybill error,err=Error 123: " func=github.com/hzlpypy/waybill_center/internal/receive.Receive file="/home/huangzhilin/go/src/waybill_center/internal/receive/index.go:72"
time="2021-06-30T15:25:02+08:00" level=error msg="Create Waybill error,err=Error 123: " func=github.com/hzlpypy/waybill_center/internal/receive.Receive file="/home/huangzhilin/go/src/waybill_center/internal/receive/index.go:72"
time="2021-06-30T15:25:22+08:00" level=error msg="Create Waybill error,err=Error 123: " func=github.com/hzlpypy/waybill_center/internal/receive.Receive file="/home/huangzhilin/go/src/waybill_center/internal/receive/index.go:72"
time="2021-06-30T15:25:22+08:00" level=error msg="Create Waybill error,err=Error 123: " func=github.com/hzlpypy/waybill_center/internal/receive.Receive file="/home/huangzhilin/go/src/waybill_center/internal/receive/index.go:72"
time="2021-06-30T15:25:22+08:00" level=error msg="Create Waybill error,err=Error 123: " func=github.com/hzlpypy/waybill_center/internal/receive.Receive file="/home/huangzhilin/go/src/waybill_center/internal/receive/index.go:72"
time="2021-06-30T15:25:22+08:00" level=error msg="Create Waybill error,err=Error 123: " func=github.com/hzlpypy/waybill_center/internal/receive.Receive file="/home/huangzhilin/go/src/waybill_center/internal/receive/index.go:72"
time="2021-06-30T15:25:22+08:00" level=error msg="Create Waybill error,err=Error 123: " func=github.com/hzlpypy/waybill_center/internal/receive.Receive file="/home/huangzhilin/go/src/waybill_center/internal/receive/index.go:72"
time="2021-06-30T15:25:25+08:00" level=error msg="Create Waybill error,err=Error 123: " func=github.com/hzlpypy/waybill_center/internal/receive.Receive file="/home/huangzhilin/go/src/waybill_center/internal/receive/index.go:72"
time="2021-06-30T15:25:31+08:00" level=error msg="Create Waybill error,err=Error 123: " func=github.com/hzlpypy/waybill_center/internal/receive.Receive file="/home/huangzhilin/go/src/waybill_center/internal/receive/index.go:72"
time="2021-06-30T15:25:31+08:00" level=error msg="Create Waybill error,err=Error 123: " func=github.com/hzlpypy/waybill_center/internal/receive.Receive file="/home/huangzhilin/go/src/waybill_center/internal/receive/index.go:72"
time="2021-06-30T15:25:31+08:00" level=error msg="Create Waybill error,err=Error 123: " func=github.com/hzlpypy/waybill_center/internal/receive.Receive file="/home/huangzhilin/go/src/waybill_center/internal/receive/index.go:72"
time="2021-06-30T15:25:31+08:00" level=error msg="Create Waybill error,err=Error 123: " func=github.com/hzlpypy/waybill_center/internal/receive.Receive file="/home/huangzhilin/go/src/waybill_center/internal/receive/index.go:72"
time="2021-06-30T15:25:31+08:00" level=error msg="Create Waybill error,err=Error 123: " func=github.com/hzlpypy/waybill_center/internal/receive.Receive file="/home/huangzhilin/go/src/waybill_center/internal/receive/index.go:72"
time="2021-06-30T15:25:31+08:00" level=error msg="Create Waybill error,err=Error 123: " func=github.com/hzlpypy/waybill_center/internal/receive.Receive file="/home/huangzhilin/go/src/waybill_center/internal/receive/index.go:72"
time="2021-06-30T15:25:32+08:00" level=error msg="Create Waybill error,err=Error 123: " func=github.com/hzlpypy/waybill_center/internal/receive.Receive file="/home/huangzhilin/go/src/waybill_center/internal/receive/index.go:72"
time="2021-06-30T15:25:32+08:00" level=error msg="Create Waybill error,err=Error 123: " func=github.com/hzlpypy/waybill_center/internal/receive.Receive file="/home/huangzhilin/go/src/waybill_center/internal/receive/index.go:72"
time="2021-06-30T15:25:32+08:00" level=error msg="Create Waybill error,err=Error 123: " func=github.com/hzlpypy/waybill_center/internal/receive.Receive file="/home/huangzhilin/go/src/waybill_center/internal/receive/index.go:72"
time="2021-06-30T15:25:32+08:00" level=error msg="Create Waybill error,err=Error 123: " func=github.com/hzlpypy/waybill_center/internal/receive.Receive file="/home/huangzhilin/go/src/waybill_center/internal/receive/index.go:72"
time="2021-06-30T15:25:32+08:00" level=error msg="Create Waybill error,err=Error 123: " func=github.com/hzlpypy/waybill_center/internal/receive.Receive file="/home/huangzhilin/go/src/waybill_center/internal/receive/index.go:72"
time="2021-06-30T15:25:32+08:00" level=error msg="Create Waybill error,err=Error 123: " func=github.com/hzlpypy/waybill_center/internal/receive.Receive file="/home/huangzhilin/go/src/waybill_center/internal/receive/index.go:72"
time="2021-06-30T15:25:32+08:00" level=error msg="Create Waybill error,err=Error 123: " func=github.com/hzlpypy/waybill_center/internal/receive.Receive file="/home/huangzhilin/go/src/waybill_center/internal/receive/index.go:72"
time="2021-06-30T15:25:32+08:00" level=error msg="Create Waybill error,err=Error 123: " func=github.com/hzlpypy/waybill_center/internal/receive.Receive file="/home/huangzhilin/go/src/waybill_center/internal/receive/index.go:72"
time="2021-06-30T15:25:32+08:00" level=error msg="Create Waybill error,err=Error 123: " func=github.com/hzlpypy/waybill_center/internal/receive.Receive file="/home/huangzhilin/go/src/waybill_center/internal/receive/index.go:72"
time="2021-06-30T15:25:32+08:00" level=error msg="Create Waybill error,err=Error 123: " func=github.com/hzlpypy/waybill_center/internal/receive.Receive file="/home/huangzhilin/go/src/waybill_center/internal/receive/index.go:72"
time="2021-06-30T15:25:32+08:00" level=error msg="Create Waybill error,err=Error 123: " func=github.com/hzlpypy/waybill_center/internal/receive.Receive file="/home/huangzhilin/go/src/waybill_center/internal/receive/index.go:72"
time="2021-06-30T15:25:33+08:00" level=error msg="Create Waybill error,err=Error 123: " func=github.com/hzlpypy/waybill_center/internal/receive.Receive file="/home/huangzhilin/go/src/waybill_center/internal/receive/index.go:72"
time="2021-06-30T15:25:33+08:00" level=error msg="Create Waybill error,err=Error 123: " func=github.com/hzlpypy/waybill_center/internal/receive.Receive file="/home/huangzhilin/go/src/waybill_center/internal/receive/index.go:72"
time="2021-06-30T15:25:33+08:00" level=error msg="Create Waybill error,err=Error 123: " func=github.com/hzlpypy/waybill_center/internal/receive.Receive file="/home/huangzhilin/go/src/waybill_center/internal/receive/index.go:72"
time="2021-06-30T15:25:33+08:00" level=error msg="Create Waybill error,err=Error 123: " func=github.com/hzlpypy/waybill_center/internal/receive.Receive file="/home/huangzhilin/go/src/waybill_center/internal/receive/index.go:72"
time="2021-06-30T15:25:33+08:00" level=error msg="Create Waybill error,err=Error 123: " func=github.com/hzlpypy/waybill_center/internal/receive.Receive file="/home/huangzhilin/go/src/waybill_center/internal/receive/index.go:72"
time="2021-06-30T15:25:33+08:00" level=error msg="Create Waybill error,err=Error 123: " func=github.com/hzlpypy/waybill_center/internal/receive.Receive file="/home/huangzhilin/go/src/waybill_center/internal/receive/index.go:72"
time="2021-06-30T15:25:33+08:00" level=error msg="Create Waybill error,err=Error 123: " func=github.com/hzlpypy/waybill_center/internal/receive.Receive file="/home/huangzhilin/go/src/waybill_center/internal/receive/index.go:72"
time="2021-06-30T15:25:33+08:00" level=error msg="Create Waybill error,err=Error 123: " func=github.com/hzlpypy/waybill_center/internal/receive.Receive file="/home/huangzhilin/go/src/waybill_center/internal/receive/index.go:72"
time="2021-06-30T15:25:33+08:00" level=error msg="Create Waybill error,err=Error 123: " func=github.com/hzlpypy/waybill_center/internal/receive.Receive file="/home/huangzhilin/go/src/waybill_center/internal/receive/index.go:72"
time="2021-06-30T15:25:33+08:00" level=error msg="Create Waybill error,err=Error 123: " func=github.com/hzlpypy/waybill_center/internal/receive.Receive file="/home/huangzhilin/go/src/waybill_center/internal/receive/index.go:72"
time="2021-06-30T15:25:33+08:00" level=error msg="Create Waybill error,err=Error 123: " func=github.com/hzlpypy/waybill_center/internal/receive.Receive file="/home/huangzhilin/go/src/waybill_center/internal/receive/index.go:72"
time="2021-06-30T15:25:33+08:00" level=error msg="Create Waybill error,err=Error 123: " func=github.com/hzlpypy/waybill_center/internal/receive.Receive file="/home/huangzhilin/go/src/waybill_center/internal/receive/index.go:72"
time="2021-06-30T15:25:33+08:00" level=error msg="Create Waybill error,err=Error 123: " func=github.com/hzlpypy/waybill_center/internal/receive.Receive file="/home/huangzhilin/go/src/waybill_center/internal/receive/index.go:72"
time="2021-06-30T15:25:33+08:00" level=error msg="Create Waybill error,err=Error 123: " func=github.com/hzlpypy/waybill_center/internal/receive.Receive file="/home/huangzhilin/go/src/waybill_center/internal/receive/index.go:72"
time="2021-06-30T15:25:33+08:00" level=error msg="Create Waybill error,err=Error 123: " func=github.com/hzlpypy/waybill_center/internal/receive.Receive file="/home/huangzhilin/go/src/waybill_center/internal/receive/index.go:72"
time="2021-06-30T15:25:33+08:00" level=error msg="Create Waybill error,err=Error 123: " func=github.com/hzlpypy/waybill_center/internal/receive.Receive file="/home/huangzhilin/go/src/waybill_center/internal/receive/index.go:72"
time="2021-06-30T15:25:33+08:00" level=error msg="Create Waybill error,err=Error 123: " func=github.com/hzlpypy/waybill_center/internal/receive.Receive file="/home/huangzhilin/go/src/waybill_center/internal/receive/index.go:72"
time="2021-06-30T15:25:33+08:00" level=error msg="Create Waybill error,err=Error 123: " func=github.com/hzlpypy/waybill_center/internal/receive.Receive file="/home/huangzhilin/go/src/waybill_center/internal/receive/index.go:72"
time="2021-06-30T15:25:33+08:00" level=error msg="Create Waybill error,err=Error 123: " func=github.com/hzlpypy/waybill_center/internal/receive.Receive file="/home/huangzhilin/go/src/waybill_center/internal/receive/index.go:72"
time="2021-06-30T15:25:33+08:00" level=error msg="Create Waybill error,err=Error 123: " func=github.com/hzlpypy/waybill_center/internal/receive.Receive file="/home/huangzhilin/go/src/waybill_center/internal/receive/index.go:72"
time="2021-06-30T15:25:33+08:00" level=error msg="Create Waybill error,err=Error 123: " func=github.com/hzlpypy/waybill_center/internal/receive.Receive file="/home/huangzhilin/go/src/waybill_center/internal/receive/index.go:72"
time="2021-06-30T15:25:33+08:00" level=error msg="Create Waybill error,err=Error 123: " func=github.com/hzlpypy/waybill_center/internal/receive.Receive file="/home/huangzhilin/go/src/waybill_center/internal/receive/index.go:72"
time="2021-06-30T15:25:33+08:00" level=error msg="Create Waybill error,err=Error 123: " func=github.com/hzlpypy/waybill_center/internal/receive.Receive file="/home/huangzhilin/go/src/waybill_center/internal/receive/index.go:72"
time="2021-06-30T15:25:33+08:00" level=error msg="Create Waybill error,err=Error 123: " func=github.com/hzlpypy/waybill_center/internal/receive.Receive file="/home/huangzhilin/go/src/waybill_center/internal/receive/index.go:72"
time="2021-06-30T15:25:33+08:00" level=error msg="Create Waybill error,err=Error 123: " func=github.com/hzlpypy/waybill_center/internal/receive.Receive file="/home/huangzhilin/go/src/waybill_center/internal/receive/index.go:72"
time="2021-06-30T15:25:33+08:00" level=error msg="Create Waybill error,err=Error 123: " func=github.com/hzlpypy/waybill_center/internal/receive.Receive file="/home/huangzhilin/go/src/waybill_center/internal/receive/index.go:72"
time="2021-06-30T15:25:33+08:00" level=error msg="Create Waybill error,err=Error 123: " func=github.com/hzlpypy/waybill_center/internal/receive.Receive file="/home/huangzhilin/go/src/waybill_center/internal/receive/index.go:72"
time="2021-06-30T15:25:33+08:00" level=error msg="Create Waybill error,err=Error 123: " func=github.com/hzlpypy/waybill_center/internal/receive.Receive file="/home/huangzhilin/go/src/waybill_center/internal/receive/index.go:72"
time="2021-06-30T15:25:33+08:00" level=error msg="Create Waybill error,err=Error 123: " func=github.com/hzlpypy/waybill_center/internal/receive.Receive file="/home/huangzhilin/go/src/waybill_center/internal/receive/index.go:72"
time="2021-06-30T15:25:33+08:00" level=error msg="Create Waybill error,err=Error 123: " func=github.com/hzlpypy/waybill_center/internal/receive.Receive file="/home/huangzhilin/go/src/waybill_center/internal/receive/index.go:72"
time="2021-06-30T15:25:33+08:00" level=error msg="Create Waybill error,err=Error 123: " func=github.com/hzlpypy/waybill_center/internal/receive.Receive file="/home/huangzhilin/go/src/waybill_center/internal/receive/index.go:72"
time="2021-06-30T15:25:33+08:00" level=error msg="Create Waybill error,err=Error 123: " func=github.com/hzlpypy/waybill_center/internal/receive.Receive file="/home/huangzhilin/go/src/waybill_center/internal/receive/index.go:72"
time="2021-06-30T15:25:33+08:00" level=error msg="Create Waybill error,err=Error 123: " func=github.com/hzlpypy/waybill_center/internal/receive.Receive file="/home/huangzhilin/go/src/waybill_center/internal/receive/index.go:72"
time="2021-06-30T15:25:33+08:00" level=error msg="Create Waybill error,err=Error 123: " func=github.com/hzlpypy/waybill_center/internal/receive.Receive file="/home/huangzhilin/go/src/waybill_center/internal/receive/index.go:72"
time="2021-06-30T15:25:33+08:00" level=error msg="Create Waybill error,err=Error 123: " func=github.com/hzlpypy/waybill_center/internal/receive.Receive file="/home/huangzhilin/go/src/waybill_center/internal/receive/index.go:72"
time="2021-06-30T15:25:33+08:00" level=error msg="Create Waybill error,err=Error 123: " func=github.com/hzlpypy/waybill_center/internal/receive.Receive file="/home/huangzhilin/go/src/waybill_center/internal/receive/index.go:72"
time="2021-06-30T15:25:47+08:00" level=error msg="Create Waybill error,err=Error 123: " func=github.com/hzlpypy/waybill_center/internal/receive.Receive file="/home/huangzhilin/go/src/waybill_center/internal/receive/index.go:72"
time="2021-06-30T15:25:47+08:00" level=error msg="Create Waybill error,err=Error 123: " func=github.com/hzlpypy/waybill_center/internal/receive.Receive file="/home/huangzhilin/go/src/waybill_center/internal/receive/index.go:72"
time="2021-06-30T15:25:47+08:00" level=error msg="Create Waybill error,err=Error 123: " func=github.com/hzlpypy/waybill_center/internal/receive.Receive file="/home/huangzhilin/go/src/waybill_center/internal/receive/index.go:72"
time="2021-06-30T15:25:47+08:00" level=error msg="Create Waybill error,err=Error 123: " func=github.com/hzlpypy/waybill_center/internal/receive.Receive file="/home/huangzhilin/go/src/waybill_center/internal/receive/index.go:72"
time="2021-06-30T15:25:47+08:00" level=error msg="Create Waybill error,err=Error 123: " func=github.com/hzlpypy/waybill_center/internal/receive.Receive file="/home/huangzhilin/go/src/waybill_center/internal/receive/index.go:72"
time="2021-06-30T15:25:47+08:00" level=error msg="Create Waybill error,err=Error 123: " func=github.com/hzlpypy/waybill_center/internal/receive.Receive file="/home/huangzhilin/go/src/waybill_center/internal/receive/index.go:72"
time="2021-06-30T15:27:08+08:00" level=error msg="Create Waybill error,err=Error 123: " func=github.com/hzlpypy/waybill_center/internal/receive.Receive file="/home/huangzhilin/go/src/waybill_center/internal/receive/index.go:72"
time="2021-06-30T15:27:08+08:00" level=error msg="Create Waybill error,err=Error 123: " func=github.com/hzlpypy/waybill_center/internal/receive.Receive file="/home/huangzhilin/go/src/waybill_center/internal/receive/index.go:72"
time="2021-06-30T15:27:08+08:00" level=error msg="Create Waybill error,err=Error 123: " func=github.com/hzlpypy/waybill_center/internal/receive.Receive file="/home/huangzhilin/go/src/waybill_center/internal/receive/index.go:72"
time="2021-06-30T15:27:08+08:00" level=error msg="Create Waybill error,err=Error 123: " func=github.com/hzlpypy/waybill_center/internal/receive.Receive file="/home/huangzhilin/go/src/waybill_center/internal/receive/index.go:72"
time="2021-06-30T15:27:08+08:00" level=error msg="Create Waybill error,err=Error 123: " func=github.com/hzlpypy/waybill_center/internal/receive.Receive file="/home/huangzhilin/go/src/waybill_center/internal/receive/index.go:72"
time="2021-06-30T15:27:11+08:00" level=error msg="Create Waybill error,err=Error 123: " func=github.com/hzlpypy/waybill_center/internal/receive.Receive file="/home/huangzhilin/go/src/waybill_center/internal/receive/index.go:72"
time="2021-06-30T16:16:25+08:00" level=error msg="Create Waybill error,err=Error 123: " func=github.com/hzlpypy/waybill_center/internal/receive.ReceiveConsumer file="/home/huangzhilin/go/src/waybill_center/internal/receive/index.go:82"
time="2021-06-30T16:16:31+08:00" level=error msg="Create Waybill error,err=Error 123: " func=github.com/hzlpypy/waybill_center/internal/receive.ReceiveConsumer file="/home/huangzhilin/go/src/waybill_center/internal/receive/index.go:82"
time="2021-06-30T16:17:04+08:00" level=error msg="Create Waybill error,err=Error 123: " func=github.com/hzlpypy/waybill_center/internal/receive.ReceiveConsumer file="/home/huangzhilin/go/src/waybill_center/internal/receive/index.go:82"
time="2021-06-30T16:17:16+08:00" level=error msg="Create Waybill error,err=Error 123: " func=github.com/hzlpypy/waybill_center/internal/receive.ReceiveConsumer file="/home/huangzhilin/go/src/waybill_center/internal/receive/index.go:82"
time="2021-06-30T16:17:17+08:00" level=error msg="Create Waybill error,err=Error 123: " func=github.com/hzlpypy/waybill_center/internal/receive.ReceiveConsumer file="/home/huangzhilin/go/src/waybill_center/internal/receive/index.go:82"
time="2021-06-30T16:17:26+08:00" level=error msg="Create Waybill error,err=Error 123: " func=github.com/hzlpypy/waybill_center/internal/receive.ReceiveConsumer file="/home/huangzhilin/go/src/waybill_center/internal/receive/index.go:82"
time="2021-06-30T16:22:30+08:00" level=error msg="Create Waybill error,err=Error 123: " func=github.com/hzlpypy/waybill_center/internal/receive.ReceiveConsumer file="/home/huangzhilin/go/src/waybill_center/internal/receive/index.go:82"
time="2021-06-30T16:27:39+08:00" level=error msg="Create Waybill error,err=Error 123: " func=github.com/hzlpypy/waybill_center/internal/receive.ReceiveConsumer file="/home/huangzhilin/go/src/waybill_center/internal/receive/index.go:82"
time="2021-06-30T16:27:42+08:00" level=error msg="Create Waybill error,err=Error 123: " func=github.com/hzlpypy/waybill_center/internal/receive.ReceiveConsumer file="/home/huangzhilin/go/src/waybill_center/internal/receive/index.go:82"
time="2021-06-30T16:27:44+08:00" level=error msg="Create Waybill error,err=Error 123: " func=github.com/hzlpypy/waybill_center/internal/receive.ReceiveConsumer file="/home/huangzhilin/go/src/waybill_center/internal/receive/index.go:82"
time="2021-06-30T16:27:47+08:00" level=error msg="Create Waybill error,err=Error 123: " func=github.com/hzlpypy/waybill_center/internal/receive.ReceiveConsumer file="/home/huangzhilin/go/src/waybill_center/internal/receive/index.go:82"
time="2021-06-30T16:27:48+08:00" level=error msg="Create Waybill error,err=Error 123: " func=github.com/hzlpypy/waybill_center/internal/receive.ReceiveConsumer file="/home/huangzhilin/go/src/waybill_center/internal/receive/index.go:82"
time="2021-06-30T16:27:49+08:00" level=error msg="Create Waybill error,err=Error 123: " func=github.com/hzlpypy/waybill_center/internal/receive.ReceiveConsumer file="/home/huangzhilin/go/src/waybill_center/internal/receive/index.go:82"
time="2021-06-30T16:28:39+08:00" level=error msg="Create Waybill error,err=Error 123: " func=github.com/hzlpypy/waybill_center/internal/receive.ReceiveConsumer file="/home/huangzhilin/go/src/waybill_center/internal/receive/index.go:81"
time="2021-06-30T16:28:46+08:00" level=error msg="Create Waybill error,err=Error 123: " func=github.com/hzlpypy/waybill_center/internal/receive.ReceiveConsumer file="/home/huangzhilin/go/src/waybill_center/internal/receive/index.go:81"
time="2021-06-30T16:28:46+08:00" level=error msg="Create Waybill error,err=Error 123: " func=github.com/hzlpypy/waybill_center/internal/receive.ReceiveConsumer file="/home/huangzhilin/go/src/waybill_center/internal/receive/index.go:81"
time="2021-06-30T16:28:46+08:00" level=error msg="Create Waybill error,err=Error 123: " func=github.com/hzlpypy/waybill_center/internal/receive.ReceiveConsumer file="/home/huangzhilin/go/src/waybill_center/internal/receive/index.go:81"
time="2021-06-30T16:28:46+08:00" level=error msg="Create Waybill error,err=Error 123: " func=github.com/hzlpypy/waybill_center/internal/receive.ReceiveConsumer file="/home/huangzhilin/go/src/waybill_center/internal/receive/index.go:81"
time="2021-06-30T16:28:47+08:00" level=error msg="Create Waybill error,err=Error 123: " func=github.com/hzlpypy/waybill_center/internal/receive.ReceiveConsumer file="/home/huangzhilin/go/src/waybill_center/internal/receive/index.go:81"
time="2021-06-30T16:29:00+08:00" level=error msg="Create Waybill error,err=Error 123: " func=github.com/hzlpypy/waybill_center/internal/receive.ReceiveConsumer file="/home/huangzhilin/go/src/waybill_center/internal/receive/index.go:81"
time="2021-06-30T16:29:00+08:00" level=error msg="Create Waybill error,err=Error 123: " func=github.com/hzlpypy/waybill_center/internal/receive.ReceiveConsumer file="/home/huangzhilin/go/src/waybill_center/internal/receive/index.go:81"
time="2021-06-30T16:29:00+08:00" level=error msg="Create Waybill error,err=Error 123: " func=github.com/hzlpypy/waybill_center/internal/receive.ReceiveConsumer file="/home/huangzhilin/go/src/waybill_center/internal/receive/index.go:81"
time="2021-06-30T16:29:00+08:00" level=error msg="Create Waybill error,err=Error 123: " func=github.com/hzlpypy/waybill_center/internal/receive.ReceiveConsumer file="/home/huangzhilin/go/src/waybill_center/internal/receive/index.go:81"
time="2021-06-30T16:29:00+08:00" level=error msg="Create Waybill error,err=Error 123: " func=github.com/hzlpypy/waybill_center/internal/receive.ReceiveConsumer file="/home/huangzhilin/go/src/waybill_center/internal/receive/index.go:81"
time="2021-06-30T16:29:00+08:00" level=error msg="Create Waybill error,err=Error 123: " func=github.com/hzlpypy/waybill_center/internal/receive.ReceiveConsumer file="/home/huangzhilin/go/src/waybill_center/internal/receive/index.go:81"
time="2021-06-30T16:29:18+08:00" level=error msg="Create Waybill error,err=Error 123: " func=github.com/hzlpypy/waybill_center/internal/receive.ReceiveConsumer file="/home/huangzhilin/go/src/waybill_center/internal/receive/index.go:81"
time="2021-06-30T16:29:18+08:00" level=error msg="Create Waybill error,err=Error 123: " func=github.com/hzlpypy/waybill_center/internal/receive.ReceiveConsumer file="/home/huangzhilin/go/src/waybill_center/internal/receive/index.go:81"
time="2021-06-30T16:29:18+08:00" level=error msg="Create Waybill error,err=Error 123: " func=github.com/hzlpypy/waybill_center/internal/receive.ReceiveConsumer file="/home/huangzhilin/go/src/waybill_center/internal/receive/index.go:81"
time="2021-06-30T16:29:18+08:00" level=error msg="Create Waybill error,err=Error 123: " func=github.com/hzlpypy/waybill_center/internal/receive.ReceiveConsumer file="/home/huangzhilin/go/src/waybill_center/internal/receive/index.go:81"
time="2021-06-30T16:29:18+08:00" level=error msg="Create Waybill error,err=Error 123: " func=github.com/hzlpypy/waybill_center/internal/receive.ReceiveConsumer file="/home/huangzhilin/go/src/waybill_center/internal/receive/index.go:81"
time="2021-06-30T16:29:18+08:00" level=error msg="Create Waybill error,err=Error 123: " func=github.com/hzlpypy/waybill_center/internal/receive.ReceiveConsumer file="/home/huangzhilin/go/src/waybill_center/internal/receive/index.go:81"
